// Jest Snapshot v1, https://goo.gl/fbAQLP

exports[`snapshot test 1`] = `
<form
  className=""
  id="formName"
  onSubmit={[Function]}
>
  <div
    className="container"
  >
    <div
      className="row"
    >
      <div
        className="col-7"
      >
        <div
          className="form-group"
        >
          <input
            className="mb-2 form-control"
            id="term"
            name="term"
            onChange={[Function]}
            placeholder="Search term..."
            type="text"
            value=""
          />
        </div>
      </div>
      <div
        className="col-3"
      >
        <div
          className="form-group"
        >
          <select
            className="form-control"
            onChange={[Function]}
          >
            <option
              value="all"
            >
              Search all type...
            </option>
            <option
              value="movie"
            >
              Movie
            </option>
            <option
              value="podcast"
            >
              Podcast
            </option>
            <option
              value="music"
            >
              Music
            </option>
            <option
              value="audiobook"
            >
              Audiobook
            </option>
            <option
              value="shortFilm"
            >
              Short Film
            </option>
            <option
              value="tvShow"
            >
              TV Show
            </option>
            <option
              value="software"
            >
              Software
            </option>
            <option
              value="ebook"
            >
              ebook
            </option>
          </select>
        </div>
      </div>
      <div
        className="col-2"
      >
        <button
          className="w-100 btn btn-primary"
          disabled={false}
          type="submit"
        >
          Search
        </button>
      </div>
    </div>
  </div>
</form>
`;
